// Jest Snapshot v1, https://goo.gl/fbAQLP

exports[`Pruebas en <CounterApp /> Debe mostrar <CounterApp/> Correctamente 1`] = `ShallowWrapper {}`;
